../Core/Src/ESP8266_STM32.c:32:16:ESP_Init	16	static
../Core/Src/ESP8266_STM32.c:64:16:ESP_ConnectWiFi	168	static
../Core/Src/ESP8266_STM32.c:105:25:ESP_GetConnectionState	4	static
../Core/Src/ESP8266_STM32.c:112:16:ESP_SendToThingSpeak	592	static
../Core/Src/ESP8266_STM32.c:171:16:ESP_MQTT_Connect	560	static
../Core/Src/ESP8266_STM32.c:216:16:ESP_MQTT_Publish	360	static
../Core/Src/ESP8266_STM32.c:267:16:ESP_MQTT_Ping	48	static
../Core/Src/ESP8266_STM32.c:300:23:ESP_GetIP	48	static
../Core/Src/ESP8266_STM32.c:359:23:ESP_SendCommand	40	static
../Core/Src/ESP8266_STM32.c:415:23:ESP_SendBinary	40	static
../Core/Src/ESP8266_STM32.c:466:12:MQTT_BuildConnect	48	static
../Core/Src/ESP8266_STM32.c:515:16:ESP_CheckTCPConnection	8	static
