../Core/Src/main.c:134:5:_write	24	static
../Core/Src/main.c:142:6:VL53L0X_ProcessRangingData	24	static
../Core/Src/main.c:169:13:Blink_Status	24	static
../Core/Src/main.c:183:13:send_AT	16	static
../Core/Src/main.c:194:13:send_data	16	static
../Core/Src/main.c:202:6:send_and_receive	528	static
../Core/Src/main.c:216:13:wait_for_prompt	8	static
../Core/Src/main.c:224:16:ESP01_ConnectWiFi	168	static
../Core/Src/main.c:287:16:ESP01_ConnectMQTTBroker	152	static
../Core/Src/main.c:311:16:ESP01_Send_MQTT_CONNECT	192	static
../Core/Src/main.c:387:13:ESP01_Send_MQTT_PUBLISH	312	static
../Core/Src/main.c:415:6:ESP01_Send_MQTT_SUBSCRIBE	120	static
../Core/Src/main.c:459:6:process_incoming_messages	152	static,ignoring_inline_asm
../Core/Src/main.c:517:6:handle_buzzer_alarm	16	static
../Core/Src/main.c:564:13:ESP01_SendPing	48	static
../Core/Src/main.c:579:6:HAL_UART_RxCpltCallback	16	static
../Core/Src/main.c:601:6:HAL_GPIO_EXTI_Callback	16	static
../Core/Src/main.c:616:5:main	88	static
../Core/Src/main.c:829:6:SystemClock_Config	72	static
../Core/Src/main.c:869:13:MX_I2C1_Init	8	static
../Core/Src/main.c:903:13:MX_USART1_UART_Init	8	static
../Core/Src/main.c:936:13:MX_USART2_UART_Init	8	static
../Core/Src/main.c:969:13:MX_GPIO_Init	40	static
../Core/Src/main.c:1011:6:Error_Handler	4	static,ignoring_inline_asm
