../Core/Src/main.c:116:5:_write	24	static
../Core/Src/main.c:124:6:VL53L0X_ProcessRangingData	24	static
../Core/Src/main.c:151:13:Blink_Status	24	static
../Core/Src/main.c:165:13:send_AT	16	static
../Core/Src/main.c:176:13:send_data	16	static
../Core/Src/main.c:187:13:wait_for_prompt	8	static
../Core/Src/main.c:195:16:ESP01_ConnectWiFi	160	static
../Core/Src/main.c:232:16:ESP01_ConnectMQTTBroker	152	static
../Core/Src/main.c:256:16:ESP01_Send_MQTT_CONNECT	184	static
../Core/Src/main.c:297:13:ESP01_Send_MQTT_PUBLISH	312	static
../Core/Src/main.c:328:13:ESP01_SendPing	48	static
../Core/Src/main.c:343:6:HAL_UART_RxCpltCallback	16	static
../Core/Src/main.c:363:6:HAL_GPIO_EXTI_Callback	16	static
../Core/Src/main.c:378:5:main	152	static
../Core/Src/main.c:584:6:SystemClock_Config	72	static
../Core/Src/main.c:624:13:MX_I2C1_Init	8	static
../Core/Src/main.c:658:13:MX_USART1_UART_Init	8	static
../Core/Src/main.c:691:13:MX_USART2_UART_Init	8	static
../Core/Src/main.c:724:13:MX_GPIO_Init	40	static
../Core/Src/main.c:766:6:Error_Handler	4	static,ignoring_inline_asm
